// Jest Snapshot v1, https://goo.gl/fbAQLP

exports[`generate config 1`] = `
Object {
  "domain": "localhost",
  "host": "8000",
  "server": "http://localhost",
  "time": "111223",
}
`;
